../Core/Src/LoRa_SX1276.c:52:6:LORA_ReceivedCallback	40	static
../Core/Src/LoRa_SX1276.c:81:20:LORA_TransmitCommand	16	static
../Core/Src/LoRa_SX1276.c:90:20:LORA_ReceiveCommand	24	static
../Core/Src/LoRa_SX1276.c:118:20:AT_EndDeviceIdentifier	24	static
../Core/Src/LoRa_SX1276.c:155:20:AT_AppEUIAdress	24	static
../Core/Src/LoRa_SX1276.c:192:20:AT_ApplicationKey	32	static
../Core/Src/LoRa_SX1276.c:230:20:AT_PublicNetworkModeStatus	16	static
../Core/Src/LoRa_SX1276.c:265:20:AT_NetworkJoinMode	16	static
../Core/Src/LoRa_SX1276.c:300:20:AT_LoRaMacClass	16	static
../Core/Src/LoRa_SX1276.c:333:20:AT_JoinRequestNetworkServer	8	static
../Core/Src/LoRa_SX1276.c:352:20:AT_JoinNetworkServerStatus	16	static
