../Core/Src/LoRa_SX1276.c:52:6:LORA_ReceivedCallback	40	static
../Core/Src/LoRa_SX1276.c:81:20:LORA_TransmitCommand	16	static
../Core/Src/LoRa_SX1276.c:90:20:LORA_ReceiveCommand	24	static
../Core/Src/LoRa_SX1276.c:118:20:AT_EndDeviceIdentifier	24	static
../Core/Src/LoRa_SX1276.c:155:20:AT_AppEUIAdress	24	static
../Core/Src/LoRa_SX1276.c:192:20:AT_ApplicationKey	32	static
../Core/Src/LoRa_SX1276.c:230:20:AT_PublicNetworkModeStatus	16	static
../Core/Src/LoRa_SX1276.c:265:20:AT_NetworkJoinMode	16	static
../Core/Src/LoRa_SX1276.c:300:20:AT_LoRaMacClass	16	static
../Core/Src/LoRa_SX1276.c:333:20:AT_JoinRequestNetworkServer	8	static
../Core/Src/LoRa_SX1276.c:352:20:AT_JoinNetworkServerStatus	16	static
../Core/Src/LoRa_SX1276.c:374:20:AT_AutoJoinNetworkServer	16	static
../Core/Src/LoRa_SX1276.c:409:20:AT_NetworkSessionKey	32	static
../Core/Src/LoRa_SX1276.c:447:20:AT_ApplicationSessionKey	32	static
../Core/Src/LoRa_SX1276.c:485:20:AT_DeviceAddress	16	static
../Core/Src/LoRa_SX1276.c:521:20:AT_NetworkIdentifier	16	static
../Core/Src/LoRa_SX1276.c:557:20:AT_ActivationSettingValue	16	static
../Core/Src/LoRa_SX1276.c:575:20:AT_DataUplinkText	16	static
../Core/Src/LoRa_SX1276.c:595:20:AT_DataUplinkHexadecimal	40	static
../Core/Src/LoRa_SX1276.c:617:20:AT_ConfirmDownlinkDataText	24	static
../Core/Src/LoRa_SX1276.c:641:20:AT_ConfirmDownlinkDataHexadecimal	24	static
../Core/Src/LoRa_SX1276.c:664:20:AT_ReturnRSSI	16	static
