../Core/Src/LoRa_SX1276.c:52:6:LORA_ReceivedCallback	48	static
../Core/Src/LoRa_SX1276.c:85:20:LORA_TransmitCommand	16	static
../Core/Src/LoRa_SX1276.c:94:20:LORA_ReceiveCommand	24	static
../Core/Src/LoRa_SX1276.c:122:20:AT_EndDeviceIdentifier	24	static
../Core/Src/LoRa_SX1276.c:159:20:AT_AppEUIAdress	24	static
../Core/Src/LoRa_SX1276.c:196:20:AT_ApplicationKey	32	static
../Core/Src/LoRa_SX1276.c:234:20:AT_PublicNetworkModeStatus	16	static
../Core/Src/LoRa_SX1276.c:269:20:AT_NetworkJoinMode	16	static
../Core/Src/LoRa_SX1276.c:304:20:AT_LoRaMacClass	16	static
../Core/Src/LoRa_SX1276.c:337:20:AT_JoinRequestNetworkServer	8	static
../Core/Src/LoRa_SX1276.c:356:20:AT_JoinNetworkServerStatus	16	static
../Core/Src/LoRa_SX1276.c:378:20:AT_AutoJoinNetworkServer	16	static
../Core/Src/LoRa_SX1276.c:413:20:AT_NetworkSessionKey	32	static
../Core/Src/LoRa_SX1276.c:451:20:AT_ApplicationSessionKey	32	static
../Core/Src/LoRa_SX1276.c:489:20:AT_DeviceAddress	16	static
../Core/Src/LoRa_SX1276.c:525:20:AT_NetworkIdentifier	16	static
../Core/Src/LoRa_SX1276.c:561:20:AT_ActivationSettingValue	16	static
../Core/Src/LoRa_SX1276.c:579:20:AT_DataUplinkText	16	static
../Core/Src/LoRa_SX1276.c:599:20:AT_DataUplinkHexadecimal	40	static
../Core/Src/LoRa_SX1276.c:621:20:AT_ConfirmDownlinkDataText	24	static
../Core/Src/LoRa_SX1276.c:645:20:AT_ConfirmDownlinkDataHexadecimal	24	static
../Core/Src/LoRa_SX1276.c:668:20:AT_ReturnRSSI	16	static
../Core/Src/LoRa_SX1276.c:689:20:AT_ReturnsSNR	16	static
../Core/Src/LoRa_SX1276.c:711:20:AT_LoRaMacRegion	16	static
../Core/Src/LoRa_SX1276.c:746:20:AT_AutoDateRate	16	static
../Core/Src/LoRa_SX1276.c:782:20:AT_DataRateCommand	16	static
../Core/Src/LoRa_SX1276.c:817:20:AT_RxWindow2Frequency	16	static
../Core/Src/LoRa_SX1276.c:851:20:AT_RxWindow2DataRate	16	static
../Core/Src/LoRa_SX1276.c:885:20:AT_TxRxWindow1Delay	16	static
../Core/Src/LoRa_SX1276.c:919:20:AT_TxRxWindow2Delay	16	static
../Core/Src/LoRa_SX1276.c:954:20:AT_TxRxWindow1JoinDelay	16	static
../Core/Src/LoRa_SX1276.c:987:20:AT_TxRxWindow2JoinDelay	16	static
../Core/Src/LoRa_SX1276.c:1021:20:AT_RepeatUnconfirmedUplink	16	static
../Core/Src/LoRa_SX1276.c:1055:20:AT_ResendConfirmedUplink	16	static
../Core/Src/LoRa_SX1276.c:1089:20:AT_TxPowerIndex	16	static
../Core/Src/LoRa_SX1276.c:1123:20:AT_UplinkCounter	16	static
../Core/Src/LoRa_SX1276.c:1157:20:AT_DownlinkCounter	16	static
../Core/Src/LoRa_SX1276.c:1191:20:AT_BatteryLevel	16	static
../Core/Src/LoRa_SX1276.c:1225:20:AT_MacLineCheckRequest	8	static
../Core/Src/LoRa_SX1276.c:1245:20:AT_EncryptionConfiguration	16	static
../Core/Src/LoRa_SX1276.c:1282:20:AT_ChannelConfiguration	40	static
../Core/Src/LoRa_SX1276.c:1380:20:AT_SystemReboot	16	static
../Core/Src/LoRa_SX1276.c:1412:20:AT_SystemInformation	16	static
../Core/Src/LoRa_SX1276.c:1429:20:AT_FirmwareVersion	16	static
../Core/Src/LoRa_SX1276.c:1452:20:AT_AntennaGain	16	static
